TESTE DE EXECU├ç├âO: O script rodou com sucesso!
FS importado com sucesso
